Starting restore process for 202507031438334029.tar.zip at Thu Jul  3 21:43:24 WIB 2025
Extracting backup file...
Archive:  /home/webmin/vhosts/rwi/https/storage/backup/202507031438334029.tar.zip
 extracting: /home/webmin/vhosts/rwi/https/storage/backup/temp//202507031438334029.tar
Extraction completed successfully
Starting database restore...

   INFO  Application is now in maintenance mode.  

could not find a "pg_restore" to execute
Database restore completed successfully
Success restore backup
Restore process completed successfully

   INFO  Application is now live.  

Restore process finished successfully at Thu Jul  3 21:43:29 WIB 2025
Starting restore process for 202507031438334029.tar.zip at Thu Jul  3 22:19:16 WIB 2025
Extracting backup file...
Archive:  /home/webmin/vhosts/rwi/https/storage/backup/202507031438334029.tar.zip
 extracting: /home/webmin/vhosts/rwi/https/storage/backup/temp//202507031438334029.tar
unzip: Incorrect passphrase
ERROR: Failed to extract backup file or file not found
Starting restore process for 202507031438334029.tar.zip at Thu Jul  3 22:19:22 WIB 2025
Extracting backup file...
Archive:  /home/webmin/vhosts/rwi/https/storage/backup/202507031438334029.tar.zip
 extracting: /home/webmin/vhosts/rwi/https/storage/backup/temp//202507031438334029.tar
Extraction completed successfully
Starting database restore...

   INFO  Application is now in maintenance mode.  

could not find a "pg_restore" to execute
Database restore completed successfully
Success restore backup
Restore process completed successfully

   INFO  Application is now live.  

Restore process finished successfully at Thu Jul  3 22:19:28 WIB 2025
--------------------------------
Starting restore process for 202507031438334029.tar.zip at Thu Jul  3 22:23:06 WIB 2025
Extracting backup file...
Archive:  /home/webmin/vhosts/rwi/https/storage/backup/202507031438334029.tar.zip
 extracting: /home/webmin/vhosts/rwi/https/storage/backup/temp//202507031438334029.tar
Extraction completed successfully
Starting database restore...

   INFO  Application is now in maintenance mode.  

could not find a "pg_restore" to execute
Database restore completed successfully
Success restore backup
Restore process completed successfully

   INFO  Application is now live.  

Restore process finished successfully at Thu Jul  3 22:23:10 WIB 2025
